  Determining projects to restore...
  All projects are up-to-date for restore.
C:\Users\jegat\OneDrive\Desktop\ECom\ChefSupply.API\Models\User.cs(15,23): warning CS8618: Non-nullable property 'Name' must contain a non-null value when exiting constructor. Consider adding the 'required' modifier or declaring the property as nullable. [C:\Users\jegat\OneDrive\Desktop\ECom\ChefSupply.API\ChefSupply.API.csproj]
C:\Users\jegat\OneDrive\Desktop\ECom\ChefSupply.API\Models\User.cs(18,23): warning CS8618: Non-nullable property 'Email' must contain a non-null value when exiting constructor. Consider adding the 'required' modifier or declaring the property as nullable. [C:\Users\jegat\OneDrive\Desktop\ECom\ChefSupply.API\ChefSupply.API.csproj]
C:\Users\jegat\OneDrive\Desktop\ECom\ChefSupply.API\Models\User.cs(21,23): warning CS8618: Non-nullable property 'PasswordHash' must contain a non-null value when exiting constructor. Consider adding the 'required' modifier or declaring the property as nullable. [C:\Users\jegat\OneDrive\Desktop\ECom\ChefSupply.API\ChefSupply.API.csproj]
C:\Users\jegat\OneDrive\Desktop\ECom\ChefSupply.API\Models\User.cs(24,23): warning CS8618: Non-nullable property 'Role' must contain a non-null value when exiting constructor. Consider adding the 'required' modifier or declaring the property as nullable. [C:\Users\jegat\OneDrive\Desktop\ECom\ChefSupply.API\ChefSupply.API.csproj]
C:\Users\jegat\OneDrive\Desktop\ECom\ChefSupply.API\Models\Invoice.cs(11,23): warning CS8618: Non-nullable property 'Status' must contain a non-null value when exiting constructor. Consider adding the 'required' modifier or declaring the property as nullable. [C:\Users\jegat\OneDrive\Desktop\ECom\ChefSupply.API\ChefSupply.API.csproj]
C:\Users\jegat\OneDrive\Desktop\ECom\ChefSupply.API\Controllers\BusinessController.cs(31,13): warning CS0162: Unreachable code detected [C:\Users\jegat\OneDrive\Desktop\ECom\ChefSupply.API\ChefSupply.API.csproj]
C:\Users\jegat\OneDrive\Desktop\ECom\ChefSupply.API\Controllers\InventoryController.cs(26,35): warning CS8602: Dereference of a possibly null reference. [C:\Users\jegat\OneDrive\Desktop\ECom\ChefSupply.API\ChefSupply.API.csproj]
C:\Users\jegat\OneDrive\Desktop\ECom\ChefSupply.API\Services\Implementations\AuthService.cs(115,46): error CS1061: 'DbSet<User>' does not contain a definition for 'CountAsync' and no accessible extension method 'CountAsync' accepting a first argument of type 'DbSet<User>' could be found (are you missing a using directive or an assembly reference?) [C:\Users\jegat\OneDrive\Desktop\ECom\ChefSupply.API\ChefSupply.API.csproj]
C:\Users\jegat\OneDrive\Desktop\ECom\ChefSupply.API\Services\Implementations\AuthService.cs(116,55): error CS1061: 'DbSet<Business>' does not contain a definition for 'CountAsync' and no accessible extension method 'CountAsync' accepting a first argument of type 'DbSet<Business>' could be found (are you missing a using directive or an assembly reference?) [C:\Users\jegat\OneDrive\Desktop\ECom\ChefSupply.API\ChefSupply.API.csproj]
C:\Users\jegat\OneDrive\Desktop\ECom\ChefSupply.API\Services\Implementations\AuthService.cs(117,50): error CS1061: 'DbSet<Wallet>' does not contain a definition for 'CountAsync' and no accessible extension method 'CountAsync' accepting a first argument of type 'DbSet<Wallet>' could be found (are you missing a using directive or an assembly reference?) [C:\Users\jegat\OneDrive\Desktop\ECom\ChefSupply.API\ChefSupply.API.csproj]
C:\Users\jegat\OneDrive\Desktop\ECom\ChefSupply.API\Services\Implementations\AuthService.cs(118,44): error CS1061: 'DatabaseFacade' does not contain a definition for 'GetDbConnection' and no accessible extension method 'GetDbConnection' accepting a first argument of type 'DatabaseFacade' could be found (are you missing a using directive or an assembly reference?) [C:\Users\jegat\OneDrive\Desktop\ECom\ChefSupply.API\ChefSupply.API.csproj]

Build FAILED.

C:\Users\jegat\OneDrive\Desktop\ECom\ChefSupply.API\Models\User.cs(15,23): warning CS8618: Non-nullable property 'Name' must contain a non-null value when exiting constructor. Consider adding the 'required' modifier or declaring the property as nullable. [C:\Users\jegat\OneDrive\Desktop\ECom\ChefSupply.API\ChefSupply.API.csproj]
C:\Users\jegat\OneDrive\Desktop\ECom\ChefSupply.API\Models\User.cs(18,23): warning CS8618: Non-nullable property 'Email' must contain a non-null value when exiting constructor. Consider adding the 'required' modifier or declaring the property as nullable. [C:\Users\jegat\OneDrive\Desktop\ECom\ChefSupply.API\ChefSupply.API.csproj]
C:\Users\jegat\OneDrive\Desktop\ECom\ChefSupply.API\Models\User.cs(21,23): warning CS8618: Non-nullable property 'PasswordHash' must contain a non-null value when exiting constructor. Consider adding the 'required' modifier or declaring the property as nullable. [C:\Users\jegat\OneDrive\Desktop\ECom\ChefSupply.API\ChefSupply.API.csproj]
C:\Users\jegat\OneDrive\Desktop\ECom\ChefSupply.API\Models\User.cs(24,23): warning CS8618: Non-nullable property 'Role' must contain a non-null value when exiting constructor. Consider adding the 'required' modifier or declaring the property as nullable. [C:\Users\jegat\OneDrive\Desktop\ECom\ChefSupply.API\ChefSupply.API.csproj]
C:\Users\jegat\OneDrive\Desktop\ECom\ChefSupply.API\Models\Invoice.cs(11,23): warning CS8618: Non-nullable property 'Status' must contain a non-null value when exiting constructor. Consider adding the 'required' modifier or declaring the property as nullable. [C:\Users\jegat\OneDrive\Desktop\ECom\ChefSupply.API\ChefSupply.API.csproj]
C:\Users\jegat\OneDrive\Desktop\ECom\ChefSupply.API\Controllers\BusinessController.cs(31,13): warning CS0162: Unreachable code detected [C:\Users\jegat\OneDrive\Desktop\ECom\ChefSupply.API\ChefSupply.API.csproj]
C:\Users\jegat\OneDrive\Desktop\ECom\ChefSupply.API\Controllers\InventoryController.cs(26,35): warning CS8602: Dereference of a possibly null reference. [C:\Users\jegat\OneDrive\Desktop\ECom\ChefSupply.API\ChefSupply.API.csproj]
C:\Users\jegat\OneDrive\Desktop\ECom\ChefSupply.API\Services\Implementations\AuthService.cs(115,46): error CS1061: 'DbSet<User>' does not contain a definition for 'CountAsync' and no accessible extension method 'CountAsync' accepting a first argument of type 'DbSet<User>' could be found (are you missing a using directive or an assembly reference?) [C:\Users\jegat\OneDrive\Desktop\ECom\ChefSupply.API\ChefSupply.API.csproj]
C:\Users\jegat\OneDrive\Desktop\ECom\ChefSupply.API\Services\Implementations\AuthService.cs(116,55): error CS1061: 'DbSet<Business>' does not contain a definition for 'CountAsync' and no accessible extension method 'CountAsync' accepting a first argument of type 'DbSet<Business>' could be found (are you missing a using directive or an assembly reference?) [C:\Users\jegat\OneDrive\Desktop\ECom\ChefSupply.API\ChefSupply.API.csproj]
C:\Users\jegat\OneDrive\Desktop\ECom\ChefSupply.API\Services\Implementations\AuthService.cs(117,50): error CS1061: 'DbSet<Wallet>' does not contain a definition for 'CountAsync' and no accessible extension method 'CountAsync' accepting a first argument of type 'DbSet<Wallet>' could be found (are you missing a using directive or an assembly reference?) [C:\Users\jegat\OneDrive\Desktop\ECom\ChefSupply.API\ChefSupply.API.csproj]
C:\Users\jegat\OneDrive\Desktop\ECom\ChefSupply.API\Services\Implementations\AuthService.cs(118,44): error CS1061: 'DatabaseFacade' does not contain a definition for 'GetDbConnection' and no accessible extension method 'GetDbConnection' accepting a first argument of type 'DatabaseFacade' could be found (are you missing a using directive or an assembly reference?) [C:\Users\jegat\OneDrive\Desktop\ECom\ChefSupply.API\ChefSupply.API.csproj]
    7 Warning(s)
    4 Error(s)

Time Elapsed 00:00:09.41
